============================================================
  OLS Logic Analyzer — Hardware Validation Suite
============================================================
  Started: 2026-07-04 23:54:16
  Results: C:\Users\Fraser\Documents\GitHub\OLS_Logic_Analyzer_Clean\host\app\..\..\hdl\hw_test\hw_results

  SPI device opened, sys_clk=100 MHz

============================================================
  Test 2: SPI handoff and CMD_GET_METADATA
============================================================
  reset + interface mode set
  sending CMD_GET_METADATA...
  metadata response: status=0x00, payload=10 10 00 f0 01 d0 0e 03 00
    >>> PASS: GET_METADATA returned ST_OK (0x00)
    >>> PASS: metadata payload length >= 9 (9)

============================================================
  Test 3: All packet protocol commands
============================================================
  [1/12] 8% DIVIDER    >>> PASS: WRITE_REG DIVIDER (0x00 = 0x00000064)
  [2/12] 17% SAMPLE_COUNT    >>> PASS: WRITE_REG SAMPLE_COUNT (0x01 = 0x00001388)
  [3/12] 25% DELAY_COUNT    >>> PASS: WRITE_REG DELAY_COUNT (0x02 = 0x00001388)
  [4/12] 33% TRIGGER_MASK    >>> PASS: WRITE_REG TRIGGER_MASK (0x10 = 0x000000FF)
  [5/12] 42% TRIGGER_VALUE    >>> PASS: WRITE_REG TRIGGER_VALUE (0x11 = 0x00000055)
  [6/12] 50% GEN_PROTO    >>> PASS: WRITE_REG GEN_PROTO (0x30 = 0x00000000)
  [7/12] 58% GEN_BAUD    >>> PASS: WRITE_REG GEN_BAUD (0x31 = 0x000000D0)
  [8/12] 67% GEN_PINS    >>> PASS: WRITE_REG GEN_PINS (0x32 = 0x00000300)
  [9/12] 75% FAST_MODE    >>> PASS: WRITE_REG FAST_MODE (0x21 = 0x00000001)
  [10/12] 83% CONT_MODE on    >>> PASS: WRITE_REG CONT_MODE on (0x22 = 0x00000001)
  [11/12] 92% CONT_MODE off    >>> PASS: WRITE_REG CONT_MODE off (0x22 = 0x00000000)
  [12/12] 100% IFACE_MODE
    >>> PASS: WRITE_REG IFACE_MODE (0xF0 = 0x00000001)
  
  sending PING...
    >>> PASS: PING returned ST_OK (0x00)
  sending GET_STATUS...
    >>> PASS: GET_STATUS returned capture_status=0x13
  
--- Capture tests (debug OFF + ON) ---

  -- Single capture [CH0 debug OFF] --

============================================================
  Test 4: Single capture (256 samples, 1 MHz)
============================================================
  test counter frequency: 97852 Hz (sys_clk=100 MHz)
  debug CH0 = False
  captured 512 bytes, 256 samples
  first 32 raw bytes: ff ff ff ff ff ff ff ff ff ff ff ff ff ff ff ff ff ff ff ff ff ff ff ff ff ff ff ff ff ff ff ff
  unique byte values: [255]
    CH0: 0 transitions, 256/256 ones
    CH1: 0 transitions, 256/256 ones
    CH2: 0 transitions, 256/256 ones
    CH3: 0 transitions, 256/256 ones
    CH4: 0 transitions, 256/256 ones
    CH5: 0 transitions, 256/256 ones
    CH6: 0 transitions, 256/256 ones
    CH7: 0 transitions, 256/256 ones
    CH8: 0 transitions, 256/256 ones
    CH9: 0 transitions, 256/256 ones
    CH10: 0 transitions, 256/256 ones
    CH11: 0 transitions, 256/256 ones
    CH12: 0 transitions, 256/256 ones
    CH13: 0 transitions, 256/256 ones
    CH14: 0 transitions, 256/256 ones
    CH15: 0 transitions, 256/256 ones
    >>> PASS: CH0 debug OFF: quiet (0 transitions)
    single CH1: 0 transitions (max 5)
    >>> PASS: single CH1 clean: 0 transitions (max 5)
    single CH2: 0 transitions (max 5)
    >>> PASS: single CH2 clean: 0 transitions (max 5)
    single CH3: 0 transitions (max 5)
    >>> PASS: single CH3 clean: 0 transitions (max 5)
    single CH4: 0 transitions (max 5)
    >>> PASS: single CH4 clean: 0 transitions (max 5)
    single CH5: 0 transitions (max 5)
    >>> PASS: single CH5 clean: 0 transitions (max 5)
    single CH6: 0 transitions (max 5)
    >>> PASS: single CH6 clean: 0 transitions (max 5)
    single CH7: 0 transitions (max 5)
    >>> PASS: single CH7 clean: 0 transitions (max 5)
    single CH8: 0 transitions (max 5)
    >>> PASS: single CH8 clean: 0 transitions (max 5)
    single CH9: 0 transitions (max 5)
    >>> PASS: single CH9 clean: 0 transitions (max 5)
    single CH10: 0 transitions (max 5)
    >>> PASS: single CH10 clean: 0 transitions (max 5)
    single CH11: 0 transitions (max 5)
    >>> PASS: single CH11 clean: 0 transitions (max 5)
    single CH12: 0 transitions (max 5)
    >>> PASS: single CH12 clean: 0 transitions (max 5)
    single CH13: 0 transitions (max 5)
    >>> PASS: single CH13 clean: 0 transitions (max 5)
    single CH14: 0 transitions (max 5)
    >>> PASS: single CH14 clean: 0 transitions (max 5)
    single CH15: 0 transitions (max 5)
    >>> PASS: single CH15 clean: 0 transitions (max 5)
  saved C:\Users\Fraser\Documents\GitHub\OLS_Logic_Analyzer_Clean\host\app\..\..\hdl\hw_test\hw_results\test4_single_capture_debug_False.bin (512 bytes) + .json

  -- Single capture [CH0 debug ON] --

============================================================
  Test 4: Single capture (256 samples, 1 MHz)
============================================================
  test counter frequency: 97852 Hz (sys_clk=100 MHz)
  debug CH0 = True
  captured 512 bytes, 256 samples
  first 32 raw bytes: ff ff ff ff ff ff ff ff ff ff 7e ff 7e ff 7e ff 7e ff 7e ff ff ff ff ff ff ff ff ff ff ff 7e ff
  unique byte values: [126, 255]
    CH0: 51 transitions, 130/256 ones
    CH1: 0 transitions, 256/256 ones
    CH2: 0 transitions, 256/256 ones
    CH3: 0 transitions, 256/256 ones
    CH4: 0 transitions, 256/256 ones
    CH5: 0 transitions, 256/256 ones
    CH6: 0 transitions, 256/256 ones
    CH7: 51 transitions, 130/256 ones
    CH8: 0 transitions, 256/256 ones
    CH9: 0 transitions, 256/256 ones
    CH10: 0 transitions, 256/256 ones
    CH11: 0 transitions, 256/256 ones
    CH12: 0 transitions, 256/256 ones
    CH13: 0 transitions, 256/256 ones
    CH14: 0 transitions, 256/256 ones
    CH15: 0 transitions, 256/256 ones
    >>> PASS: CH0 test_div transitions (51 vs ~50)
    single CH1: 0 transitions (max 5)
    >>> PASS: single CH1 clean: 0 transitions (max 5)
    single CH2: 0 transitions (max 5)
    >>> PASS: single CH2 clean: 0 transitions (max 5)
    single CH3: 0 transitions (max 5)
    >>> PASS: single CH3 clean: 0 transitions (max 5)
    single CH4: 0 transitions (max 5)
    >>> PASS: single CH4 clean: 0 transitions (max 5)
    single CH5: 0 transitions (max 5)
    >>> PASS: single CH5 clean: 0 transitions (max 5)
    single CH6: 0 transitions (max 5)
    >>> PASS: single CH6 clean: 0 transitions (max 5)
    single CH7: 51 transitions (max 5)
    >>> FAIL: single CH7 clean: 51 transitions (max 5)
    single CH8: 0 transitions (max 5)
    >>> PASS: single CH8 clean: 0 transitions (max 5)
    single CH9: 0 transitions (max 5)
    >>> PASS: single CH9 clean: 0 transitions (max 5)
    single CH10: 0 transitions (max 5)
    >>> PASS: single CH10 clean: 0 transitions (max 5)
    single CH11: 0 transitions (max 5)
    >>> PASS: single CH11 clean: 0 transitions (max 5)
    single CH12: 0 transitions (max 5)
    >>> PASS: single CH12 clean: 0 transitions (max 5)
    single CH13: 0 transitions (max 5)
    >>> PASS: single CH13 clean: 0 transitions (max 5)
    single CH14: 0 transitions (max 5)
    >>> PASS: single CH14 clean: 0 transitions (max 5)
    single CH15: 0 transitions (max 5)
    >>> PASS: single CH15 clean: 0 transitions (max 5)
  saved C:\Users\Fraser\Documents\GitHub\OLS_Logic_Analyzer_Clean\host\app\..\..\hdl\hw_test\hw_results\test4_single_capture_debug_True.bin (512 bytes) + .json

  -- Fast mode capture [CH0 debug OFF] --

============================================================
  Test 5: Fast mode (BRAM) capture
============================================================
  debug CH0 = False
  captured 2048 bytes, 1024 samples
    CH0: 0 transitions
    CH1: 0 transitions
    CH2: 0 transitions
    CH3: 0 transitions
    CH4: 0 transitions
    CH5: 0 transitions
    CH6: 0 transitions
    CH7: 0 transitions
    CH8: 0 transitions
    CH9: 0 transitions
    CH10: 0 transitions
    CH11: 0 transitions
    CH12: 0 transitions
    CH13: 0 transitions
    CH14: 0 transitions
    CH15: 0 transitions
    [INFO] fast mode samples physical/floating pins; activity is characterized, not a quiet-fixture failure
    [INFO] fast CH0: 0 transitions on floating high-speed input
    [INFO] fast CH1: 0 transitions on floating high-speed input
    [INFO] fast CH2: 0 transitions on floating high-speed input
    [INFO] fast CH3: 0 transitions on floating high-speed input
    [INFO] fast CH4: 0 transitions on floating high-speed input
    [INFO] fast CH5: 0 transitions on floating high-speed input
    [INFO] fast CH6: 0 transitions on floating high-speed input
    [INFO] fast CH7: 0 transitions on floating high-speed input
    [INFO] fast CH8: 0 transitions on floating high-speed input
    [INFO] fast CH9: 0 transitions on floating high-speed input
    [INFO] fast CH10: 0 transitions on floating high-speed input
    [INFO] fast CH11: 0 transitions on floating high-speed input
    [INFO] fast CH12: 0 transitions on floating high-speed input
    [INFO] fast CH13: 0 transitions on floating high-speed input
    [INFO] fast CH14: 0 transitions on floating high-speed input
    [INFO] fast CH15: 0 transitions on floating high-speed input
    >>> PASS: fast mode returned full BRAM capture (2048/2048 bytes)
  saved C:\Users\Fraser\Documents\GitHub\OLS_Logic_Analyzer_Clean\host\app\..\..\hdl\hw_test\hw_results\test5_fast_capture_debug_False.bin (2048 bytes) + .json

  -- Fast mode capture [CH0 debug ON] --

============================================================
  Test 5: Fast mode (BRAM) capture
============================================================
  debug CH0 = True
  captured 2048 bytes, 1024 samples
    CH0: 102 transitions
    CH1: 0 transitions
    CH2: 0 transitions
    CH3: 0 transitions
    CH4: 0 transitions
    CH5: 0 transitions
    CH6: 0 transitions
    CH7: 102 transitions
    CH8: 0 transitions
    CH9: 0 transitions
    CH10: 0 transitions
    CH11: 0 transitions
    CH12: 0 transitions
    CH13: 0 transitions
    CH14: 0 transitions
    CH15: 0 transitions
    >>> PASS: fast CH0 transitions (102 vs ~200)
    [INFO] fast CH1: 0 transitions on floating high-speed input
    [INFO] fast CH2: 0 transitions on floating high-speed input
    [INFO] fast CH3: 0 transitions on floating high-speed input
    [INFO] fast CH4: 0 transitions on floating high-speed input
    [INFO] fast CH5: 0 transitions on floating high-speed input
    [INFO] fast CH6: 0 transitions on floating high-speed input
    [INFO] fast CH7: 102 transitions on floating high-speed input
    [INFO] fast CH8: 0 transitions on floating high-speed input
    [INFO] fast CH9: 0 transitions on floating high-speed input
    [INFO] fast CH10: 0 transitions on floating high-speed input
    [INFO] fast CH11: 0 transitions on floating high-speed input
    [INFO] fast CH12: 0 transitions on floating high-speed input
    [INFO] fast CH13: 0 transitions on floating high-speed input
    [INFO] fast CH14: 0 transitions on floating high-speed input
    [INFO] fast CH15: 0 transitions on floating high-speed input
    [INFO] fast floating channels with activity: [7]
  saved C:\Users\Fraser\Documents\GitHub\OLS_Logic_Analyzer_Clean\host\app\..\..\hdl\hw_test\hw_results\test5_fast_capture_debug_True.bin (2048 bytes) + .json

  -- Continuous capture [CH0 debug OFF] --

============================================================
  Test 6: Continuous capture (triple buffer)
============================================================
  debug CH0 = False
  captured 1024 bytes, 512 samples
    >>> PASS: continuous CH0 debug OFF: quiet (0 transitions)
    cont CH1: 0 transitions (max 5)
    >>> PASS: cont CH1 clean: 0 transitions (max 5)
    cont CH2: 0 transitions (max 5)
    >>> PASS: cont CH2 clean: 0 transitions (max 5)
    cont CH3: 0 transitions (max 5)
    >>> PASS: cont CH3 clean: 0 transitions (max 5)
    cont CH4: 0 transitions (max 5)
    >>> PASS: cont CH4 clean: 0 transitions (max 5)
    cont CH5: 0 transitions (max 5)
    >>> PASS: cont CH5 clean: 0 transitions (max 5)
    cont CH6: 0 transitions (max 5)
    >>> PASS: cont CH6 clean: 0 transitions (max 5)
    cont CH7: 0 transitions (max 5)
    >>> PASS: cont CH7 clean: 0 transitions (max 5)
    cont CH8: 0 transitions (max 5)
    >>> PASS: cont CH8 clean: 0 transitions (max 5)
    cont CH9: 0 transitions (max 5)
    >>> PASS: cont CH9 clean: 0 transitions (max 5)
    cont CH10: 0 transitions (max 5)
    >>> PASS: cont CH10 clean: 0 transitions (max 5)
    cont CH11: 0 transitions (max 5)
    >>> PASS: cont CH11 clean: 0 transitions (max 5)
    cont CH12: 0 transitions (max 5)
    >>> PASS: cont CH12 clean: 0 transitions (max 5)
    cont CH13: 0 transitions (max 5)
    >>> PASS: cont CH13 clean: 0 transitions (max 5)
    cont CH14: 0 transitions (max 5)
    >>> PASS: cont CH14 clean: 0 transitions (max 5)
    cont CH15: 0 transitions (max 5)
    >>> PASS: cont CH15 clean: 0 transitions (max 5)
  saved C:\Users\Fraser\Documents\GitHub\OLS_Logic_Analyzer_Clean\host\app\..\..\hdl\hw_test\hw_results\test6_continuous_debug_False.bin (0 bytes) + .json

  -- Continuous capture [CH0 debug ON] --

============================================================
  Test 6: Continuous capture (triple buffer)
============================================================
  debug CH0 = True
  captured 1024 bytes, 512 samples
    >>> PASS: continuous CH0 transitions (51 vs ~100)
    cont CH1: 0 transitions (max 5)
    >>> PASS: cont CH1 clean: 0 transitions (max 5)
    cont CH2: 0 transitions (max 5)
    >>> PASS: cont CH2 clean: 0 transitions (max 5)
    cont CH3: 0 transitions (max 5)
    >>> PASS: cont CH3 clean: 0 transitions (max 5)
    cont CH4: 0 transitions (max 5)
    >>> PASS: cont CH4 clean: 0 transitions (max 5)
    cont CH5: 0 transitions (max 5)
    >>> PASS: cont CH5 clean: 0 transitions (max 5)
    cont CH6: 0 transitions (max 5)
    >>> PASS: cont CH6 clean: 0 transitions (max 5)
    cont CH7: 51 transitions (max 5)
    >>> FAIL: cont CH7 clean: 51 transitions (max 5)
    cont CH8: 0 transitions (max 5)
    >>> PASS: cont CH8 clean: 0 transitions (max 5)
    cont CH9: 0 transitions (max 5)
    >>> PASS: cont CH9 clean: 0 transitions (max 5)
    cont CH10: 0 transitions (max 5)
    >>> PASS: cont CH10 clean: 0 transitions (max 5)
    cont CH11: 0 transitions (max 5)
    >>> PASS: cont CH11 clean: 0 transitions (max 5)
    cont CH12: 0 transitions (max 5)
    >>> PASS: cont CH12 clean: 0 transitions (max 5)
    cont CH13: 0 transitions (max 5)
    >>> PASS: cont CH13 clean: 0 transitions (max 5)
    cont CH14: 0 transitions (max 5)
    >>> PASS: cont CH14 clean: 0 transitions (max 5)
    cont CH15: 0 transitions (max 5)
    >>> PASS: cont CH15 clean: 0 transitions (max 5)
  saved C:\Users\Fraser\Documents\GitHub\OLS_Logic_Analyzer_Clean\host\app\..\..\hdl\hw_test\hw_results\test6_continuous_debug_True.bin (0 bytes) + .json

  -- Rising edge trigger [CH0 debug OFF] --

============================================================
  Test 7: Rising edge trigger on CH0
============================================================
  debug CH0 = False
  captured 1024 bytes, 512 samples (pre_trigger=256)
    CH0: 26 transitions, 382/512 ones
    >>> PASS: trigger CH0 debug OFF: quiet (26 transitions)
    trig CH1: 0 transitions (max 5)
    >>> PASS: trig CH1 clean: 0 transitions (max 5)
    trig CH2: 0 transitions (max 5)
    >>> PASS: trig CH2 clean: 0 transitions (max 5)
    trig CH3: 0 transitions (max 5)
    >>> PASS: trig CH3 clean: 0 transitions (max 5)
    trig CH4: 0 transitions (max 5)
    >>> PASS: trig CH4 clean: 0 transitions (max 5)
    trig CH5: 0 transitions (max 5)
    >>> PASS: trig CH5 clean: 0 transitions (max 5)
    trig CH6: 0 transitions (max 5)
    >>> PASS: trig CH6 clean: 0 transitions (max 5)
    trig CH7: 26 transitions (max 5)
    >>> FAIL: trig CH7 clean: 26 transitions (max 5)
    trig CH8: 0 transitions (max 5)
    >>> PASS: trig CH8 clean: 0 transitions (max 5)
    trig CH9: 0 transitions (max 5)
    >>> PASS: trig CH9 clean: 0 transitions (max 5)
    trig CH10: 0 transitions (max 5)
    >>> PASS: trig CH10 clean: 0 transitions (max 5)
    trig CH11: 0 transitions (max 5)
    >>> PASS: trig CH11 clean: 0 transitions (max 5)
    trig CH12: 0 transitions (max 5)
    >>> PASS: trig CH12 clean: 0 transitions (max 5)
    trig CH13: 0 transitions (max 5)
    >>> PASS: trig CH13 clean: 0 transitions (max 5)
    trig CH14: 0 transitions (max 5)
    >>> PASS: trig CH14 clean: 0 transitions (max 5)
    trig CH15: 0 transitions (max 5)
    >>> PASS: trig CH15 clean: 0 transitions (max 5)
  saved C:\Users\Fraser\Documents\GitHub\OLS_Logic_Analyzer_Clean\host\app\..\..\hdl\hw_test\hw_results\test7_trigger_edge_debug_False.bin (1024 bytes) + .json

  -- Rising edge trigger [CH0 debug ON] --

============================================================
  Test 7: Rising edge trigger on CH0
============================================================
  debug CH0 = True
  captured 1024 bytes, 512 samples (pre_trigger=256)
    CH0: 77 transitions, 252/512 ones
    first rising edge at sample 5 (of 512)
    >>> PASS: trigger fired before last 25% (sample 5)
    trig CH1: 0 transitions (max 5)
    >>> PASS: trig CH1 clean: 0 transitions (max 5)
    trig CH2: 0 transitions (max 5)
    >>> PASS: trig CH2 clean: 0 transitions (max 5)
    trig CH3: 0 transitions (max 5)
    >>> PASS: trig CH3 clean: 0 transitions (max 5)
    trig CH4: 0 transitions (max 5)
    >>> PASS: trig CH4 clean: 0 transitions (max 5)
    trig CH5: 0 transitions (max 5)
    >>> PASS: trig CH5 clean: 0 transitions (max 5)
    trig CH6: 0 transitions (max 5)
    >>> PASS: trig CH6 clean: 0 transitions (max 5)
    trig CH7: 77 transitions (max 5)
    >>> FAIL: trig CH7 clean: 77 transitions (max 5)
    trig CH8: 0 transitions (max 5)
    >>> PASS: trig CH8 clean: 0 transitions (max 5)
    trig CH9: 0 transitions (max 5)
    >>> PASS: trig CH9 clean: 0 transitions (max 5)
    trig CH10: 0 transitions (max 5)
    >>> PASS: trig CH10 clean: 0 transitions (max 5)
    trig CH11: 0 transitions (max 5)
    >>> PASS: trig CH11 clean: 0 transitions (max 5)
    trig CH12: 0 transitions (max 5)
    >>> PASS: trig CH12 clean: 0 transitions (max 5)
    trig CH13: 0 transitions (max 5)
    >>> PASS: trig CH13 clean: 0 transitions (max 5)
    trig CH14: 0 transitions (max 5)
    >>> PASS: trig CH14 clean: 0 transitions (max 5)
    trig CH15: 0 transitions (max 5)
    >>> PASS: trig CH15 clean: 0 transitions (max 5)
  saved C:\Users\Fraser\Documents\GitHub\OLS_Logic_Analyzer_Clean\host\app\..\..\hdl\hw_test\hw_results\test7_trigger_edge_debug_True.bin (1024 bytes) + .json
  
--- Max-speed test (200 MHz) ---

============================================================
  Test 5b: 200 MHz max-speed capture (BRAM, div=0)
============================================================
  captured 2048 bytes, 1024 samples (expected 1024)
    max transitions across all channels: 0
    CH0 transitions: 0
    >>> PASS: max-speed sample count: 1024 vs expected 1024
    [INFO] max_speed CH1: 0 transitions on floating high-speed input
    [INFO] max_speed CH2: 0 transitions on floating high-speed input
    [INFO] max_speed CH3: 0 transitions on floating high-speed input
    [INFO] max_speed CH4: 0 transitions on floating high-speed input
    [INFO] max_speed CH5: 0 transitions on floating high-speed input
    [INFO] max_speed CH6: 0 transitions on floating high-speed input
    [INFO] max_speed CH7: 0 transitions on floating high-speed input
    [INFO] max_speed CH8: 0 transitions on floating high-speed input
    [INFO] max_speed CH9: 0 transitions on floating high-speed input
    [INFO] max_speed CH10: 0 transitions on floating high-speed input
    [INFO] max_speed CH11: 0 transitions on floating high-speed input
    [INFO] max_speed CH12: 0 transitions on floating high-speed input
    [INFO] max_speed CH13: 0 transitions on floating high-speed input
    [INFO] max_speed CH14: 0 transitions on floating high-speed input
    [INFO] max_speed CH15: 0 transitions on floating high-speed input
    >>> PASS: max-speed capture OK (2048/2048 bytes, 0 max trans)
  saved C:\Users\Fraser\Documents\GitHub\OLS_Logic_Analyzer_Clean\host\app\..\..\hdl\hw_test\hw_results\test5b_max_speed_capture.bin (2048 bytes) + .json

============================================================
  Test 5c: Max-rate continuous ring overrun
============================================================
  producer=2097152 oldest=0 newest=2097151 overruns=0
    >>> PASS: continuous producer advanced (2097152)
    [INFO] overrun counter stayed at zero on this board/session
    >>> PASS: ring indexes are ordered
    >>> PASS: indexed ring read returned data (1024 bytes)
  saved C:\Users\Fraser\Documents\GitHub\OLS_Logic_Analyzer_Clean\host\app\..\..\hdl\hw_test\hw_results\test5c_continuous_max_rate_overrun.bin (1024 bytes) + .json

============================================================
  Test 5d: 200 MHz narrow packed digital mode
============================================================
  finite narrow: 1024 bytes, 512 packed words, 87 CH0 transitions, 4108 high samples
    >>> PASS: finite narrow returned near-full packed words (512/512)
    >>> PASS: finite narrow contains packed CH0 activity (87 transitions, 4108 high samples)
  continuous narrow chunks: [(512, 256, 43), (512, 512, 44), (512, 768, 43), (512, 1024, 44)]
    >>> PASS: continuous narrow produced chunks (4)
    >>> PASS: continuous narrow chunks contain CH0 activity
  saved C:\Users\Fraser\Documents\GitHub\OLS_Logic_Analyzer_Clean\host\app\..\..\hdl\hw_test\hw_results\test5d_narrow_digital_200m.bin (1024 bytes) + .json
  
--- Generator tests (debug OFF + ON) ---

  -- UART generator [CH0 debug OFF] --

============================================================
  Test 8: Generator UART functional
============================================================
  debug CH0 = False
  loading UART generator data and checking gen FSM...
    >>> PASS: Generator FIFO loaded with data
    >>> PASS: CMD_GEN_CAPTURE accepted
  gen capture done, busy seen=False
    >>> PASS: Generator capture completed
    >>> PASS: CH0 has gen activity (24 transitions)
    gen_uart CH1: 20 transitions (max 20)
    >>> PASS: gen_uart CH1 clean: 20 transitions (max 20)
    gen_uart CH2: 0 transitions (max 20)
    >>> PASS: gen_uart CH2 clean: 0 transitions (max 20)
    gen_uart CH3: 0 transitions (max 20)
    >>> PASS: gen_uart CH3 clean: 0 transitions (max 20)
    gen_uart CH4: 0 transitions (max 20)
    >>> PASS: gen_uart CH4 clean: 0 transitions (max 20)
    gen_uart CH5: 0 transitions (max 20)
    >>> PASS: gen_uart CH5 clean: 0 transitions (max 20)
    gen_uart CH6: 0 transitions (max 20)
    >>> PASS: gen_uart CH6 clean: 0 transitions (max 20)
    gen_uart CH7: 0 transitions (max 20)
    >>> PASS: gen_uart CH7 clean: 0 transitions (max 20)
    gen_uart CH8: 0 transitions (max 20)
    >>> PASS: gen_uart CH8 clean: 0 transitions (max 20)
    gen_uart CH9: 0 transitions (max 20)
    >>> PASS: gen_uart CH9 clean: 0 transitions (max 20)
    gen_uart CH10: 0 transitions (max 20)
    >>> PASS: gen_uart CH10 clean: 0 transitions (max 20)
    gen_uart CH11: 0 transitions (max 20)
    >>> PASS: gen_uart CH11 clean: 0 transitions (max 20)
    gen_uart CH12: 0 transitions (max 20)
    >>> PASS: gen_uart CH12 clean: 0 transitions (max 20)
    gen_uart CH13: 0 transitions (max 20)
    >>> PASS: gen_uart CH13 clean: 0 transitions (max 20)
    gen_uart CH14: 0 transitions (max 20)
    >>> PASS: gen_uart CH14 clean: 0 transitions (max 20)
    gen_uart CH15: 0 transitions (max 20)
    >>> PASS: gen_uart CH15 clean: 0 transitions (max 20)
  saved C:\Users\Fraser\Documents\GitHub\OLS_Logic_Analyzer_Clean\host\app\..\..\hdl\hw_test\hw_results\test8_gen_uart_debug_False.bin (0 bytes) + .json
  testing UART gen on all gen_tx_pin values...
    CH0: 0 transitions
    [INFO] CH0 gen has 0 transitions (expected >3)
    gen_sweep_CH0 CH1: 4 transitions (max 10)
    >>> PASS: gen_sweep_CH0 CH1 clean: 4 transitions (max 10)
    gen_sweep_CH0 CH2: 0 transitions (max 10)
    >>> PASS: gen_sweep_CH0 CH2 clean: 0 transitions (max 10)
    gen_sweep_CH0 CH3: 0 transitions (max 10)
    >>> PASS: gen_sweep_CH0 CH3 clean: 0 transitions (max 10)
    gen_sweep_CH0 CH4: 0 transitions (max 10)
    >>> PASS: gen_sweep_CH0 CH4 clean: 0 transitions (max 10)
    gen_sweep_CH0 CH5: 0 transitions (max 10)
    >>> PASS: gen_sweep_CH0 CH5 clean: 0 transitions (max 10)
    gen_sweep_CH0 CH6: 0 transitions (max 10)
    >>> PASS: gen_sweep_CH0 CH6 clean: 0 transitions (max 10)
    gen_sweep_CH0 CH7: 0 transitions (max 10)
    >>> PASS: gen_sweep_CH0 CH7 clean: 0 transitions (max 10)
    gen_sweep_CH0 CH8: 0 transitions (max 10)
    >>> PASS: gen_sweep_CH0 CH8 clean: 0 transitions (max 10)
    gen_sweep_CH0 CH9: 0 transitions (max 10)
    >>> PASS: gen_sweep_CH0 CH9 clean: 0 transitions (max 10)
    gen_sweep_CH0 CH10: 0 transitions (max 10)
    >>> PASS: gen_sweep_CH0 CH10 clean: 0 transitions (max 10)
    gen_sweep_CH0 CH11: 0 transitions (max 10)
    >>> PASS: gen_sweep_CH0 CH11 clean: 0 transitions (max 10)
    gen_sweep_CH0 CH12: 0 transitions (max 10)
    >>> PASS: gen_sweep_CH0 CH12 clean: 0 transitions (max 10)
    gen_sweep_CH0 CH13: 0 transitions (max 10)
    >>> PASS: gen_sweep_CH0 CH13 clean: 0 transitions (max 10)
    gen_sweep_CH0 CH14: 0 transitions (max 10)
    >>> PASS: gen_sweep_CH0 CH14 clean: 0 transitions (max 10)
    gen_sweep_CH0 CH15: 0 transitions (max 10)
    >>> PASS: gen_sweep_CH0 CH15 clean: 0 transitions (max 10)
    CH1: 4 transitions
    >>> PASS: UART gen on CH1: 4 transitions
    gen_sweep_CH1 CH2: 0 transitions (max 10)
    >>> PASS: gen_sweep_CH1 CH2 clean: 0 transitions (max 10)
    gen_sweep_CH1 CH3: 0 transitions (max 10)
    >>> PASS: gen_sweep_CH1 CH3 clean: 0 transitions (max 10)
    gen_sweep_CH1 CH4: 0 transitions (max 10)
    >>> PASS: gen_sweep_CH1 CH4 clean: 0 transitions (max 10)
    gen_sweep_CH1 CH5: 0 transitions (max 10)
    >>> PASS: gen_sweep_CH1 CH5 clean: 0 transitions (max 10)
    gen_sweep_CH1 CH6: 0 transitions (max 10)
    >>> PASS: gen_sweep_CH1 CH6 clean: 0 transitions (max 10)
    gen_sweep_CH1 CH7: 0 transitions (max 10)
    >>> PASS: gen_sweep_CH1 CH7 clean: 0 transitions (max 10)
    gen_sweep_CH1 CH8: 0 transitions (max 10)
    >>> PASS: gen_sweep_CH1 CH8 clean: 0 transitions (max 10)
    gen_sweep_CH1 CH9: 0 transitions (max 10)
    >>> PASS: gen_sweep_CH1 CH9 clean: 0 transitions (max 10)
    gen_sweep_CH1 CH10: 0 transitions (max 10)
    >>> PASS: gen_sweep_CH1 CH10 clean: 0 transitions (max 10)
    gen_sweep_CH1 CH11: 0 transitions (max 10)
    >>> PASS: gen_sweep_CH1 CH11 clean: 0 transitions (max 10)
    gen_sweep_CH1 CH12: 0 transitions (max 10)
    >>> PASS: gen_sweep_CH1 CH12 clean: 0 transitions (max 10)
    gen_sweep_CH1 CH13: 0 transitions (max 10)
    >>> PASS: gen_sweep_CH1 CH13 clean: 0 transitions (max 10)
    gen_sweep_CH1 CH14: 0 transitions (max 10)
    >>> PASS: gen_sweep_CH1 CH14 clean: 0 transitions (max 10)
    gen_sweep_CH1 CH15: 0 transitions (max 10)
    >>> PASS: gen_sweep_CH1 CH15 clean: 0 transitions (max 10)
    CH2: 0 transitions
    [INFO] CH2 gen has 0 transitions (expected >3)
    gen_sweep_CH2 CH3: 0 transitions (max 10)
    >>> PASS: gen_sweep_CH2 CH3 clean: 0 transitions (max 10)
    gen_sweep_CH2 CH4: 0 transitions (max 10)
    >>> PASS: gen_sweep_CH2 CH4 clean: 0 transitions (max 10)
    gen_sweep_CH2 CH5: 0 transitions (max 10)
    >>> PASS: gen_sweep_CH2 CH5 clean: 0 transitions (max 10)
    gen_sweep_CH2 CH6: 0 transitions (max 10)
    >>> PASS: gen_sweep_CH2 CH6 clean: 0 transitions (max 10)
    gen_sweep_CH2 CH7: 0 transitions (max 10)
    >>> PASS: gen_sweep_CH2 CH7 clean: 0 transitions (max 10)
    gen_sweep_CH2 CH8: 0 transitions (max 10)
    >>> PASS: gen_sweep_CH2 CH8 clean: 0 transitions (max 10)
    gen_sweep_CH2 CH9: 0 transitions (max 10)
    >>> PASS: gen_sweep_CH2 CH9 clean: 0 transitions (max 10)
    gen_sweep_CH2 CH10: 0 transitions (max 10)
    >>> PASS: gen_sweep_CH2 CH10 clean: 0 transitions (max 10)
    gen_sweep_CH2 CH11: 0 transitions (max 10)
    >>> PASS: gen_sweep_CH2 CH11 clean: 0 transitions (max 10)
    gen_sweep_CH2 CH12: 0 transitions (max 10)
    >>> PASS: gen_sweep_CH2 CH12 clean: 0 transitions (max 10)
    gen_sweep_CH2 CH13: 0 transitions (max 10)
    >>> PASS: gen_sweep_CH2 CH13 clean: 0 transitions (max 10)
    gen_sweep_CH2 CH14: 0 transitions (max 10)
    >>> PASS: gen_sweep_CH2 CH14 clean: 0 transitions (max 10)
    gen_sweep_CH2 CH15: 0 transitions (max 10)
    >>> PASS: gen_sweep_CH2 CH15 clean: 0 transitions (max 10)
    CH3: 0 transitions
    [INFO] CH3 gen has 0 transitions (expected >3)
    gen_sweep_CH3 CH4: 0 transitions (max 10)
    >>> PASS: gen_sweep_CH3 CH4 clean: 0 transitions (max 10)
    gen_sweep_CH3 CH5: 0 transitions (max 10)
    >>> PASS: gen_sweep_CH3 CH5 clean: 0 transitions (max 10)
    gen_sweep_CH3 CH6: 0 transitions (max 10)
    >>> PASS: gen_sweep_CH3 CH6 clean: 0 transitions (max 10)
    gen_sweep_CH3 CH7: 0 transitions (max 10)
    >>> PASS: gen_sweep_CH3 CH7 clean: 0 transitions (max 10)
    gen_sweep_CH3 CH8: 0 transitions (max 10)
    >>> PASS: gen_sweep_CH3 CH8 clean: 0 transitions (max 10)
    gen_sweep_CH3 CH9: 0 transitions (max 10)
    >>> PASS: gen_sweep_CH3 CH9 clean: 0 transitions (max 10)
    gen_sweep_CH3 CH10: 0 transitions (max 10)
    >>> PASS: gen_sweep_CH3 CH10 clean: 0 transitions (max 10)
    gen_sweep_CH3 CH11: 0 transitions (max 10)
    >>> PASS: gen_sweep_CH3 CH11 clean: 0 transitions (max 10)
    gen_sweep_CH3 CH12: 0 transitions (max 10)
    >>> PASS: gen_sweep_CH3 CH12 clean: 0 transitions (max 10)
    gen_sweep_CH3 CH13: 0 transitions (max 10)
    >>> PASS: gen_sweep_CH3 CH13 clean: 0 transitions (max 10)
    gen_sweep_CH3 CH14: 0 transitions (max 10)
    >>> PASS: gen_sweep_CH3 CH14 clean: 0 transitions (max 10)
    gen_sweep_CH3 CH15: 0 transitions (max 10)
    >>> PASS: gen_sweep_CH3 CH15 clean: 0 transitions (max 10)
    CH4: 0 transitions
    [INFO] CH4 gen has 0 transitions (expected >3)
    gen_sweep_CH4 CH5: 0 transitions (max 10)
    >>> PASS: gen_sweep_CH4 CH5 clean: 0 transitions (max 10)
    gen_sweep_CH4 CH6: 0 transitions (max 10)
    >>> PASS: gen_sweep_CH4 CH6 clean: 0 transitions (max 10)
    gen_sweep_CH4 CH7: 0 transitions (max 10)
    >>> PASS: gen_sweep_CH4 CH7 clean: 0 transitions (max 10)
    gen_sweep_CH4 CH8: 0 transitions (max 10)
    >>> PASS: gen_sweep_CH4 CH8 clean: 0 transitions (max 10)
    gen_sweep_CH4 CH9: 0 transitions (max 10)
    >>> PASS: gen_sweep_CH4 CH9 clean: 0 transitions (max 10)
    gen_sweep_CH4 CH10: 0 transitions (max 10)
    >>> PASS: gen_sweep_CH4 CH10 clean: 0 transitions (max 10)
    gen_sweep_CH4 CH11: 0 transitions (max 10)
    >>> PASS: gen_sweep_CH4 CH11 clean: 0 transitions (max 10)
    gen_sweep_CH4 CH12: 0 transitions (max 10)
    >>> PASS: gen_sweep_CH4 CH12 clean: 0 transitions (max 10)
    gen_sweep_CH4 CH13: 0 transitions (max 10)
    >>> PASS: gen_sweep_CH4 CH13 clean: 0 transitions (max 10)
    gen_sweep_CH4 CH14: 0 transitions (max 10)
    >>> PASS: gen_sweep_CH4 CH14 clean: 0 transitions (max 10)
    gen_sweep_CH4 CH15: 0 transitions (max 10)
    >>> PASS: gen_sweep_CH4 CH15 clean: 0 transitions (max 10)
    CH5: 0 transitions
    [INFO] CH5 gen has 0 transitions (expected >3)
    gen_sweep_CH5 CH6: 0 transitions (max 10)
    >>> PASS: gen_sweep_CH5 CH6 clean: 0 transitions (max 10)
    gen_sweep_CH5 CH7: 0 transitions (max 10)
    >>> PASS: gen_sweep_CH5 CH7 clean: 0 transitions (max 10)
    gen_sweep_CH5 CH8: 0 transitions (max 10)
    >>> PASS: gen_sweep_CH5 CH8 clean: 0 transitions (max 10)
    gen_sweep_CH5 CH9: 0 transitions (max 10)
    >>> PASS: gen_sweep_CH5 CH9 clean: 0 transitions (max 10)
    gen_sweep_CH5 CH10: 0 transitions (max 10)
    >>> PASS: gen_sweep_CH5 CH10 clean: 0 transitions (max 10)
    gen_sweep_CH5 CH11: 0 transitions (max 10)
    >>> PASS: gen_sweep_CH5 CH11 clean: 0 transitions (max 10)
    gen_sweep_CH5 CH12: 0 transitions (max 10)
    >>> PASS: gen_sweep_CH5 CH12 clean: 0 transitions (max 10)
    gen_sweep_CH5 CH13: 0 transitions (max 10)
    >>> PASS: gen_sweep_CH5 CH13 clean: 0 transitions (max 10)
    gen_sweep_CH5 CH14: 0 transitions (max 10)
    >>> PASS: gen_sweep_CH5 CH14 clean: 0 transitions (max 10)
    gen_sweep_CH5 CH15: 0 transitions (max 10)
    >>> PASS: gen_sweep_CH5 CH15 clean: 0 transitions (max 10)
    CH6: 0 transitions
    [INFO] CH6 gen has 0 transitions (expected >3)
    gen_sweep_CH6 CH7: 0 transitions (max 10)
    >>> PASS: gen_sweep_CH6 CH7 clean: 0 transitions (max 10)
    gen_sweep_CH6 CH8: 0 transitions (max 10)
    >>> PASS: gen_sweep_CH6 CH8 clean: 0 transitions (max 10)
    gen_sweep_CH6 CH9: 0 transitions (max 10)
    >>> PASS: gen_sweep_CH6 CH9 clean: 0 transitions (max 10)
    gen_sweep_CH6 CH10: 0 transitions (max 10)
    >>> PASS: gen_sweep_CH6 CH10 clean: 0 transitions (max 10)
    gen_sweep_CH6 CH11: 0 transitions (max 10)
    >>> PASS: gen_sweep_CH6 CH11 clean: 0 transitions (max 10)
    gen_sweep_CH6 CH12: 0 transitions (max 10)
    >>> PASS: gen_sweep_CH6 CH12 clean: 0 transitions (max 10)
    gen_sweep_CH6 CH13: 0 transitions (max 10)
    >>> PASS: gen_sweep_CH6 CH13 clean: 0 transitions (max 10)
    gen_sweep_CH6 CH14: 0 transitions (max 10)
    >>> PASS: gen_sweep_CH6 CH14 clean: 0 transitions (max 10)
    gen_sweep_CH6 CH15: 0 transitions (max 10)
    >>> PASS: gen_sweep_CH6 CH15 clean: 0 transitions (max 10)
    CH7: 0 transitions
    [INFO] CH7 gen has 0 transitions (expected >3)
    gen_sweep_CH7 CH8: 0 transitions (max 10)
    >>> PASS: gen_sweep_CH7 CH8 clean: 0 transitions (max 10)
    gen_sweep_CH7 CH9: 0 transitions (max 10)
    >>> PASS: gen_sweep_CH7 CH9 clean: 0 transitions (max 10)
    gen_sweep_CH7 CH10: 0 transitions (max 10)
    >>> PASS: gen_sweep_CH7 CH10 clean: 0 transitions (max 10)
    gen_sweep_CH7 CH11: 0 transitions (max 10)
    >>> PASS: gen_sweep_CH7 CH11 clean: 0 transitions (max 10)
    gen_sweep_CH7 CH12: 0 transitions (max 10)
    >>> PASS: gen_sweep_CH7 CH12 clean: 0 transitions (max 10)
    gen_sweep_CH7 CH13: 0 transitions (max 10)
    >>> PASS: gen_sweep_CH7 CH13 clean: 0 transitions (max 10)
    gen_sweep_CH7 CH14: 0 transitions (max 10)
    >>> PASS: gen_sweep_CH7 CH14 clean: 0 transitions (max 10)
    gen_sweep_CH7 CH15: 0 transitions (max 10)
    >>> PASS: gen_sweep_CH7 CH15 clean: 0 transitions (max 10)
    CH8: 2 transitions
    [INFO] CH8 gen has 2 transitions (expected >3)
    gen_sweep_CH8 CH9: 0 transitions (max 10)
    >>> PASS: gen_sweep_CH8 CH9 clean: 0 transitions (max 10)
    gen_sweep_CH8 CH10: 0 transitions (max 10)
    >>> PASS: gen_sweep_CH8 CH10 clean: 0 transitions (max 10)
    gen_sweep_CH8 CH11: 0 transitions (max 10)
    >>> PASS: gen_sweep_CH8 CH11 clean: 0 transitions (max 10)
    gen_sweep_CH8 CH12: 0 transitions (max 10)
    >>> PASS: gen_sweep_CH8 CH12 clean: 0 transitions (max 10)
    gen_sweep_CH8 CH13: 0 transitions (max 10)
    >>> PASS: gen_sweep_CH8 CH13 clean: 0 transitions (max 10)
    gen_sweep_CH8 CH14: 0 transitions (max 10)
    >>> PASS: gen_sweep_CH8 CH14 clean: 0 transitions (max 10)
    gen_sweep_CH8 CH15: 0 transitions (max 10)
    >>> PASS: gen_sweep_CH8 CH15 clean: 0 transitions (max 10)
    CH9: 0 transitions
    [INFO] CH9 gen has 0 transitions (expected >3)
    gen_sweep_CH9 CH10: 0 transitions (max 10)
    >>> PASS: gen_sweep_CH9 CH10 clean: 0 transitions (max 10)
    gen_sweep_CH9 CH11: 0 transitions (max 10)
    >>> PASS: gen_sweep_CH9 CH11 clean: 0 transitions (max 10)
    gen_sweep_CH9 CH12: 0 transitions (max 10)
    >>> PASS: gen_sweep_CH9 CH12 clean: 0 transitions (max 10)
    gen_sweep_CH9 CH13: 0 transitions (max 10)
    >>> PASS: gen_sweep_CH9 CH13 clean: 0 transitions (max 10)
    gen_sweep_CH9 CH14: 0 transitions (max 10)
    >>> PASS: gen_sweep_CH9 CH14 clean: 0 transitions (max 10)
    gen_sweep_CH9 CH15: 0 transitions (max 10)
    >>> PASS: gen_sweep_CH9 CH15 clean: 0 transitions (max 10)
    CH10: 0 transitions
    [INFO] CH10 gen has 0 transitions (expected >3)
    gen_sweep_CH10 CH11: 0 transitions (max 10)
    >>> PASS: gen_sweep_CH10 CH11 clean: 0 transitions (max 10)
    gen_sweep_CH10 CH12: 0 transitions (max 10)
    >>> PASS: gen_sweep_CH10 CH12 clean: 0 transitions (max 10)
    gen_sweep_CH10 CH13: 0 transitions (max 10)
    >>> PASS: gen_sweep_CH10 CH13 clean: 0 transitions (max 10)
    gen_sweep_CH10 CH14: 0 transitions (max 10)
    >>> PASS: gen_sweep_CH10 CH14 clean: 0 transitions (max 10)
    gen_sweep_CH10 CH15: 0 transitions (max 10)
    >>> PASS: gen_sweep_CH10 CH15 clean: 0 transitions (max 10)
    CH11: 0 transitions
    [INFO] CH11 gen has 0 transitions (expected >3)
    gen_sweep_CH11 CH12: 0 transitions (max 10)
    >>> PASS: gen_sweep_CH11 CH12 clean: 0 transitions (max 10)
    gen_sweep_CH11 CH13: 0 transitions (max 10)
    >>> PASS: gen_sweep_CH11 CH13 clean: 0 transitions (max 10)
    gen_sweep_CH11 CH14: 0 transitions (max 10)
    >>> PASS: gen_sweep_CH11 CH14 clean: 0 transitions (max 10)
    gen_sweep_CH11 CH15: 0 transitions (max 10)
    >>> PASS: gen_sweep_CH11 CH15 clean: 0 transitions (max 10)
    CH12: 0 transitions
    [INFO] CH12 gen has 0 transitions (expected >3)
    gen_sweep_CH12 CH13: 0 transitions (max 10)
    >>> PASS: gen_sweep_CH12 CH13 clean: 0 transitions (max 10)
    gen_sweep_CH12 CH14: 0 transitions (max 10)
    >>> PASS: gen_sweep_CH12 CH14 clean: 0 transitions (max 10)
    gen_sweep_CH12 CH15: 0 transitions (max 10)
    >>> PASS: gen_sweep_CH12 CH15 clean: 0 transitions (max 10)
    CH13: 0 transitions
    [INFO] CH13 gen has 0 transitions (expected >3)
    gen_sweep_CH13 CH14: 0 transitions (max 10)
    >>> PASS: gen_sweep_CH13 CH14 clean: 0 transitions (max 10)
    gen_sweep_CH13 CH15: 0 transitions (max 10)
    >>> PASS: gen_sweep_CH13 CH15 clean: 0 transitions (max 10)
    CH14: 0 transitions
    [INFO] CH14 gen has 0 transitions (expected >3)
    gen_sweep_CH14 CH15: 0 transitions (max 10)
    >>> PASS: gen_sweep_CH14 CH15 clean: 0 transitions (max 10)
    CH15: 0 transitions
    [INFO] CH15 gen has 0 transitions (expected >3)
  saved C:\Users\Fraser\Documents\GitHub\OLS_Logic_Analyzer_Clean\host\app\..\..\hdl\hw_test\hw_results\test8_gen_uart_sweep_debug_False.bin (0 bytes) + .json

  -- UART generator [CH0 debug ON] --

============================================================
  Test 8: Generator UART functional
============================================================
  debug CH0 = True
  loading UART generator data and checking gen FSM...
    >>> PASS: Generator FIFO loaded with data
    >>> PASS: CMD_GEN_CAPTURE accepted
  gen capture done, busy seen=False
    >>> PASS: Generator capture completed
    [INFO] CH0 has 0 gen transitions (expected >100)
    gen_uart CH1: 20 transitions (max 20)
    >>> PASS: gen_uart CH1 clean: 20 transitions (max 20)
    gen_uart CH2: 0 transitions (max 20)
    >>> PASS: gen_uart CH2 clean: 0 transitions (max 20)
    gen_uart CH3: 0 transitions (max 20)
    >>> PASS: gen_uart CH3 clean: 0 transitions (max 20)
    gen_uart CH4: 0 transitions (max 20)
    >>> PASS: gen_uart CH4 clean: 0 transitions (max 20)
    gen_uart CH5: 0 transitions (max 20)
    >>> PASS: gen_uart CH5 clean: 0 transitions (max 20)
    gen_uart CH6: 0 transitions (max 20)
    >>> PASS: gen_uart CH6 clean: 0 transitions (max 20)
    gen_uart CH7: 0 transitions (max 20)
    >>> PASS: gen_uart CH7 clean: 0 transitions (max 20)
    gen_uart CH8: 0 transitions (max 20)
    >>> PASS: gen_uart CH8 clean: 0 transitions (max 20)
    gen_uart CH9: 0 transitions (max 20)
    >>> PASS: gen_uart CH9 clean: 0 transitions (max 20)
    gen_uart CH10: 0 transitions (max 20)
    >>> PASS: gen_uart CH10 clean: 0 transitions (max 20)
    gen_uart CH11: 0 transitions (max 20)
    >>> PASS: gen_uart CH11 clean: 0 transitions (max 20)
    gen_uart CH12: 0 transitions (max 20)
    >>> PASS: gen_uart CH12 clean: 0 transitions (max 20)
    gen_uart CH13: 0 transitions (max 20)
    >>> PASS: gen_uart CH13 clean: 0 transitions (max 20)
    gen_uart CH14: 0 transitions (max 20)
    >>> PASS: gen_uart CH14 clean: 0 transitions (max 20)
  saved C:\Users\Fraser\Documents\GitHub\OLS_Logic_Analyzer_Clean\host\app\..\..\hdl\hw_test\hw_results\test8_gen_uart_debug_True.bin (0 bytes) + .json
  skipping full sweep for debug ON (already tested in debug OFF run)
    CH0: 0 transitions (debug ON smoke test)
    >>> PASS: Gen sweep smoke test completed
  saved C:\Users\Fraser\Documents\GitHub\OLS_Logic_Analyzer_Clean\host\app\..\..\hdl\hw_test\hw_results\test8_gen_uart_sweep_debug_True.bin (0 bytes) + .json

============================================================
  Test 9: I2C generator loopback decode
============================================================
  discovering wired jumper pair once for all jumper tests...
    [INFO] jumper sweep did not find a real UART-decoding pair; update this fixture for the new signal-gen wiring
    [INFO] no wired pair found on this bench; skipping I2C loopback smoke
    >>> PASS: I2C loopback skipped (no wired pair on this bench)
  saved C:\Users\Fraser\Documents\GitHub\OLS_Logic_Analyzer_Clean\host\app\..\..\hdl\hw_test\hw_results\test9_i2c_sweep.bin (0 bytes) + .json

============================================================
  Test 10: SPI generator loopback decode
============================================================
  reusing cached wired jumper pair: not found
    [INFO] no wired pair found on this bench; skipping SPI loopback smoke
    >>> PASS: SPI loopback skipped (no wired pair on this bench)
  saved C:\Users\Fraser\Documents\GitHub\OLS_Logic_Analyzer_Clean\host\app\..\..\hdl\hw_test\hw_results\test10_spi_accel.bin (0 bytes) + .json
  
--- Divider test (debug OFF + ON) ---

  -- Divider accuracy [CH0 debug OFF] --

============================================================
  Test 11: Divider accuracy
============================================================
  sys_clk=100 MHz, test counter=97852 Hz, debug CH0 = False
  CH0: 0 transitions (debug OFF)
    >>> PASS: divider CH0 debug OFF: quiet (0 transitions)
    divider CH1: 0 transitions (max 5)
    >>> PASS: divider CH1 clean: 0 transitions (max 5)
    divider CH2: 0 transitions (max 5)
    >>> PASS: divider CH2 clean: 0 transitions (max 5)
    divider CH3: 0 transitions (max 5)
    >>> PASS: divider CH3 clean: 0 transitions (max 5)
    divider CH4: 0 transitions (max 5)
    >>> PASS: divider CH4 clean: 0 transitions (max 5)
    divider CH5: 0 transitions (max 5)
    >>> PASS: divider CH5 clean: 0 transitions (max 5)
    divider CH6: 0 transitions (max 5)
    >>> PASS: divider CH6 clean: 0 transitions (max 5)
    divider CH7: 0 transitions (max 5)
    >>> PASS: divider CH7 clean: 0 transitions (max 5)
    divider CH8: 0 transitions (max 5)
    >>> PASS: divider CH8 clean: 0 transitions (max 5)
    divider CH9: 0 transitions (max 5)
    >>> PASS: divider CH9 clean: 0 transitions (max 5)
    divider CH10: 0 transitions (max 5)
    >>> PASS: divider CH10 clean: 0 transitions (max 5)
    divider CH11: 0 transitions (max 5)
    >>> PASS: divider CH11 clean: 0 transitions (max 5)
    divider CH12: 0 transitions (max 5)
    >>> PASS: divider CH12 clean: 0 transitions (max 5)
    divider CH13: 0 transitions (max 5)
    >>> PASS: divider CH13 clean: 0 transitions (max 5)
    divider CH14: 0 transitions (max 5)
    >>> PASS: divider CH14 clean: 0 transitions (max 5)
    divider CH15: 0 transitions (max 5)
    >>> PASS: divider CH15 clean: 0 transitions (max 5)
  saved C:\Users\Fraser\Documents\GitHub\OLS_Logic_Analyzer_Clean\host\app\..\..\hdl\hw_test\hw_results\test11_divider_debug_False.bin (2048 bytes) + .json

  -- Divider accuracy [CH0 debug ON] --

============================================================
  Test 11: Divider accuracy
============================================================
  sys_clk=100 MHz, test counter=97852 Hz, debug CH0 = True
  CH0 toggles: 0 edges in 1024 samples
    [INFO] CH0 has 0 edges (expected >= 4)
    divider CH1: 0 transitions (max 5)
    >>> PASS: divider CH1 clean: 0 transitions (max 5)
    divider CH2: 0 transitions (max 5)
    >>> PASS: divider CH2 clean: 0 transitions (max 5)
    divider CH3: 0 transitions (max 5)
    >>> PASS: divider CH3 clean: 0 transitions (max 5)
    divider CH4: 0 transitions (max 5)
    >>> PASS: divider CH4 clean: 0 transitions (max 5)
    divider CH5: 0 transitions (max 5)
    >>> PASS: divider CH5 clean: 0 transitions (max 5)
    divider CH6: 0 transitions (max 5)
    >>> PASS: divider CH6 clean: 0 transitions (max 5)
    divider CH7: 0 transitions (max 5)
    >>> PASS: divider CH7 clean: 0 transitions (max 5)
    divider CH8: 0 transitions (max 5)
    >>> PASS: divider CH8 clean: 0 transitions (max 5)
    divider CH9: 0 transitions (max 5)
    >>> PASS: divider CH9 clean: 0 transitions (max 5)
    divider CH10: 0 transitions (max 5)
    >>> PASS: divider CH10 clean: 0 transitions (max 5)
    divider CH11: 0 transitions (max 5)
    >>> PASS: divider CH11 clean: 0 transitions (max 5)
    divider CH12: 0 transitions (max 5)
    >>> PASS: divider CH12 clean: 0 transitions (max 5)
    divider CH13: 0 transitions (max 5)
    >>> PASS: divider CH13 clean: 0 transitions (max 5)
    divider CH14: 0 transitions (max 5)
    >>> PASS: divider CH14 clean: 0 transitions (max 5)
    divider CH15: 0 transitions (max 5)
    >>> PASS: divider CH15 clean: 0 transitions (max 5)
  saved C:\Users\Fraser\Documents\GitHub\OLS_Logic_Analyzer_Clean\host\app\..\..\hdl\hw_test\hw_results\test11_divider_debug_True.bin (2048 bytes) + .json
  
--- 23-channel + analog mode tests ---

============================================================
  Test 12b: 23-channel digital capture
============================================================
    >>> PASS: NUM_CHANNELS should be 16, got 16
  Captured 256 samples across 23 channels
  CH0 ones: 0, CH22 ones: 256
    >>> PASS: Some channels show activity
  saved C:\Users\Fraser\Documents\GitHub\OLS_Logic_Analyzer_Clean\host\app\..\..\hdl\hw_test\hw_results\test12b_23ch.bin (1024 bytes) + .json
  Test 12b: PASS

  -- Mixed digital + analog mode [CH0 debug OFF] --

============================================================
  Test 12c: Mixed digital + analog mode
============================================================
  debug CH0 = False
  Mixed analog: 256 frames, 1280 payload bytes
    >>> PASS: mixed frame stride is 5 bytes (5)
  frame 0: digital=0xFFFF, ADC values=[4095, 2111]
    >>> PASS: mixed frame includes digital word
    >>> PASS: frame has 2 analog channels (2)
    >>> PASS: A0 value 4095 in 12-bit range
    >>> PASS: A1 value 2111 in 12-bit range
    >>> PASS: Some ADC channels show non-zero values
    >>> PASS: Received 256 analog frames (need > 0)
  saved C:\Users\Fraser\Documents\GitHub\OLS_Logic_Analyzer_Clean\host\app\..\..\hdl\hw_test\hw_results\test12c_mixed_analog_debug_False.bin (1280 bytes) + .json

  -- Mixed digital + analog mode [CH0 debug ON] --

============================================================
  Test 12c: Mixed digital + analog mode
============================================================
  debug CH0 = True
  Mixed analog: 256 frames, 1280 payload bytes
    >>> PASS: mixed frame stride is 5 bytes (5)
  frame 0: digital=0xFFFE, ADC values=[4094, 2111]
    >>> PASS: mixed frame includes digital word
    >>> PASS: frame has 2 analog channels (2)
    >>> PASS: A0 value 4094 in 12-bit range
    >>> PASS: A1 value 2111 in 12-bit range
    >>> PASS: Some ADC channels show non-zero values
    >>> PASS: Received 256 analog frames (need > 0)
  saved C:\Users\Fraser\Documents\GitHub\OLS_Logic_Analyzer_Clean\host\app\..\..\hdl\hw_test\hw_results\test12c_mixed_analog_debug_True.bin (1280 bytes) + .json

============================================================
  Test 12c2: High-speed analog-only mode
============================================================
  High-speed analog: 512 frames, 1024 payload bytes
    >>> PASS: high-speed analog stride is 2 bytes (2)
    >>> PASS: payload length matches one ADC sample per frame (1024 bytes)
  frame 0: digital=None, ADC values=[90]
    >>> PASS: high-speed analog has no digital word
    >>> PASS: high-speed analog frame has 1 ADC channel (1)
    >>> PASS: high-speed ADC1 value 90 in 12-bit range
    >>> PASS: Received 512 high-speed analog frames (need > 0)
  saved C:\Users\Fraser\Documents\GitHub\OLS_Logic_Analyzer_Clean\host\app\..\..\hdl\hw_test\hw_results\test12c2_high_speed_analog.bin (1024 bytes) + .json

============================================================
  Test 12c3: Dual analog channel mode
============================================================
  Dual analog: 256 frames, 768 payload bytes
    >>> PASS: dual analog stride is 3 bytes (3)
    >>> PASS: payload length matches two SDRAM words per frame (768 bytes)
  frame 0: digital=None, ADC values=[131, 2098]
    >>> PASS: dual analog has no digital word
    >>> PASS: dual analog frame has 2 ADC channels (2)
    >>> PASS: dual analog value 0=131 in 12-bit range
    >>> PASS: dual analog value 1=2098 in 12-bit range
    >>> PASS: Received 256 dual analog frames (need > 0)
  saved C:\Users\Fraser\Documents\GitHub\OLS_Logic_Analyzer_Clean\host\app\..\..\hdl\hw_test\hw_results\test12c3_dual_analog.bin (768 bytes) + .json

============================================================
  Test 12d: Mixed-frame de-interleave integrity
============================================================
  frames=256 zero_frac=0.00 distinct_digital=2 top=[(8, 255), (65534, 1)]
    >>> PASS: digital not dominated by zeros (zero_frac=0.00)
    >>> PASS: digital stream is bounded, not half-aligned noise (2 distinct values)
    >>> PASS: dominant digital value is real data, not zero

============================================================
  Test 12e: Mixed -> digital -> mixed back-to-back
============================================================
    >>> PASS: first mixed capture returned frames (128)
    >>> PASS: first mixed frame has 2 ADC channels (2)
    >>> PASS: digital capture after mixed returned samples (1024)
    >>> PASS: digital capture after mixed has CH0 activity (505 transitions)
    >>> PASS: second mixed capture returned frames (128)
    >>> PASS: second mixed frame has 2 ADC channels (2)
    >>> PASS: second mixed digital phase is clean (2 distinct values)
  saved C:\Users\Fraser\Documents\GitHub\OLS_Logic_Analyzer_Clean\host\app\..\..\hdl\hw_test\hw_results\test12e_mixed_digital_mixed.bin (768 bytes) + .json

============================================================
  Test 12f: Mixed capture with lossless codec roundtrip
============================================================
    >>> PASS: mixed capture returned payload bytes (1920)
    >>> PASS: mixed codec roundtrips real hardware frames losslessly
    >>> PASS: mixed capture decoded >256 frames (384)
    >>> PASS: mixed frame includes digital word
    >>> PASS: mixed frame has 2 ADC channels (2)
    >>> PASS: mixed digital phase is bounded (2 distinct values)
  saved C:\Users\Fraser\Documents\GitHub\OLS_Logic_Analyzer_Clean\host\app\..\..\hdl\hw_test\hw_results\test12f_mixed_compressed_rolling.bin (1024 bytes) + .json

============================================================
  Test 12g: Analog profile -> digital recovery
============================================================
    >>> PASS: high-speed analog profile returned frames (128)
    >>> PASS: high-speed analog profile has 1 ADC channel (1)
    >>> PASS: maximum analog profile returned frames (128)
    >>> PASS: maximum analog profile has 2 ADC channels (2)
    >>> PASS: digital capture after analog profiles returned samples (1024)
    >>> PASS: digital capture after analog profiles has CH0 activity (204 transitions)
    >>> PASS: digital recovery exposes 16 channels (16)
  saved C:\Users\Fraser\Documents\GitHub\OLS_Logic_Analyzer_Clean\host\app\..\..\hdl\hw_test\hw_results\test12f_analog_profiles_digital_recovery.bin (768 bytes) + .json
  
--- Rolling + generator test (debug OFF + ON) ---

  -- Rolling gen UART [CH0 debug OFF] --

============================================================
  Test 13: Rolling capture with UART generator
============================================================
  debug CH0 = False
  rolling gen: 3 chunks, 3072 total bytes
    gen CH3 (TX pin): 0 transitions in 1536 samples
    [INFO] rolling gen: CH3 has 0 transitions — gen may need re-start in rolling loop
    >>> PASS: rolling gen completed (3 chunks)
    rolling_gen CH1: 0 transitions (max 20)
    >>> PASS: rolling_gen CH1 clean: 0 transitions (max 20)
    rolling_gen CH2: 0 transitions (max 20)
    >>> PASS: rolling_gen CH2 clean: 0 transitions (max 20)
    rolling_gen CH4: 0 transitions (max 20)
    >>> PASS: rolling_gen CH4 clean: 0 transitions (max 20)
    rolling_gen CH5: 0 transitions (max 20)
    >>> PASS: rolling_gen CH5 clean: 0 transitions (max 20)
    rolling_gen CH6: 0 transitions (max 20)
    >>> PASS: rolling_gen CH6 clean: 0 transitions (max 20)
    rolling_gen CH7: 0 transitions (max 20)
    >>> PASS: rolling_gen CH7 clean: 0 transitions (max 20)
    rolling_gen CH8: 0 transitions (max 20)
    >>> PASS: rolling_gen CH8 clean: 0 transitions (max 20)
    rolling_gen CH9: 0 transitions (max 20)
    >>> PASS: rolling_gen CH9 clean: 0 transitions (max 20)
    rolling_gen CH10: 0 transitions (max 20)
    >>> PASS: rolling_gen CH10 clean: 0 transitions (max 20)
    rolling_gen CH11: 0 transitions (max 20)
    >>> PASS: rolling_gen CH11 clean: 0 transitions (max 20)
    rolling_gen CH12: 0 transitions (max 20)
    >>> PASS: rolling_gen CH12 clean: 0 transitions (max 20)
    rolling_gen CH13: 0 transitions (max 20)
    >>> PASS: rolling_gen CH13 clean: 0 transitions (max 20)
    rolling_gen CH14: 0 transitions (max 20)
    >>> PASS: rolling_gen CH14 clean: 0 transitions (max 20)
    rolling_gen CH15: 0 transitions (max 20)
    >>> PASS: rolling_gen CH15 clean: 0 transitions (max 20)
    UART decoded: 0 bytes
    [INFO] No UART decoded — gen may not have fired in rolling mode
  saved C:\Users\Fraser\Documents\GitHub\OLS_Logic_Analyzer_Clean\host\app\..\..\hdl\hw_test\hw_results\test13_rolling_gen_uart_debug_False.bin (3072 bytes) + .json

  -- Rolling gen UART [CH0 debug ON] --

============================================================
  Test 13: Rolling capture with UART generator
============================================================
  debug CH0 = True
  rolling gen: 3 chunks, 3072 total bytes
    gen CH3 (TX pin): 0 transitions in 1536 samples
    [INFO] rolling gen: CH3 has 0 transitions — gen may need re-start in rolling loop
    >>> PASS: rolling gen completed (3 chunks)
    rolling_gen CH1: 0 transitions (max 20)
    >>> PASS: rolling_gen CH1 clean: 0 transitions (max 20)
    rolling_gen CH2: 0 transitions (max 20)
    >>> PASS: rolling_gen CH2 clean: 0 transitions (max 20)
    rolling_gen CH4: 0 transitions (max 20)
    >>> PASS: rolling_gen CH4 clean: 0 transitions (max 20)
    rolling_gen CH5: 0 transitions (max 20)
    >>> PASS: rolling_gen CH5 clean: 0 transitions (max 20)
    rolling_gen CH6: 0 transitions (max 20)
    >>> PASS: rolling_gen CH6 clean: 0 transitions (max 20)
    rolling_gen CH7: 610 transitions (max 20)
    >>> FAIL: rolling_gen CH7 clean: 610 transitions (max 20)
    rolling_gen CH8: 0 transitions (max 20)
    >>> PASS: rolling_gen CH8 clean: 0 transitions (max 20)
    rolling_gen CH9: 0 transitions (max 20)
    >>> PASS: rolling_gen CH9 clean: 0 transitions (max 20)
    rolling_gen CH10: 0 transitions (max 20)
    >>> PASS: rolling_gen CH10 clean: 0 transitions (max 20)
    rolling_gen CH11: 0 transitions (max 20)
    >>> PASS: rolling_gen CH11 clean: 0 transitions (max 20)
    rolling_gen CH12: 0 transitions (max 20)
    >>> PASS: rolling_gen CH12 clean: 0 transitions (max 20)
    rolling_gen CH13: 0 transitions (max 20)
    >>> PASS: rolling_gen CH13 clean: 0 transitions (max 20)
    rolling_gen CH14: 0 transitions (max 20)
    >>> PASS: rolling_gen CH14 clean: 0 transitions (max 20)
    rolling_gen CH15: 0 transitions (max 20)
    >>> PASS: rolling_gen CH15 clean: 0 transitions (max 20)
    UART decoded: 0 bytes
    [INFO] No UART decoded — gen may not have fired in rolling mode
  saved C:\Users\Fraser\Documents\GitHub\OLS_Logic_Analyzer_Clean\host\app\..\..\hdl\hw_test\hw_results\test13_rolling_gen_uart_debug_True.bin (3072 bytes) + .json
  
--- Falling edge trigger test (debug OFF + ON) ---

  -- Falling edge trigger [CH0 debug OFF] --

============================================================
  Test 14b: Falling edge trigger on CH0
============================================================
  debug CH0 = False
    >>> FAIL: falling trigger capture returned no data
  saved C:\Users\Fraser\Documents\GitHub\OLS_Logic_Analyzer_Clean\host\app\..\..\hdl\hw_test\hw_results\test14b_trigger_edge_falling_debug_False.bin (0 bytes) + .json

  -- Falling edge trigger [CH0 debug ON] --

============================================================
  Test 14b: Falling edge trigger on CH0
============================================================
  debug CH0 = True
  captured 1024 bytes, 512 samples
    first falling edge at sample 7 (of 512)
    >>> PASS: falling trigger fired before last 25% (sample 7)
    trig_fall CH1: 0 transitions (max 5)
    >>> PASS: trig_fall CH1 clean: 0 transitions (max 5)
    trig_fall CH2: 0 transitions (max 5)
    >>> PASS: trig_fall CH2 clean: 0 transitions (max 5)
    trig_fall CH3: 0 transitions (max 5)
    >>> PASS: trig_fall CH3 clean: 0 transitions (max 5)
    trig_fall CH4: 0 transitions (max 5)
    >>> PASS: trig_fall CH4 clean: 0 transitions (max 5)
    trig_fall CH5: 0 transitions (max 5)
    >>> PASS: trig_fall CH5 clean: 0 transitions (max 5)
    trig_fall CH6: 0 transitions (max 5)
    >>> PASS: trig_fall CH6 clean: 0 transitions (max 5)
    trig_fall CH7: 102 transitions (max 5)
    >>> FAIL: trig_fall CH7 clean: 102 transitions (max 5)
    trig_fall CH8: 0 transitions (max 5)
    >>> PASS: trig_fall CH8 clean: 0 transitions (max 5)
    trig_fall CH9: 0 transitions (max 5)
    >>> PASS: trig_fall CH9 clean: 0 transitions (max 5)
    trig_fall CH10: 0 transitions (max 5)
    >>> PASS: trig_fall CH10 clean: 0 transitions (max 5)
    trig_fall CH11: 0 transitions (max 5)
    >>> PASS: trig_fall CH11 clean: 0 transitions (max 5)
    trig_fall CH12: 0 transitions (max 5)
    >>> PASS: trig_fall CH12 clean: 0 transitions (max 5)
    trig_fall CH13: 0 transitions (max 5)
    >>> PASS: trig_fall CH13 clean: 0 transitions (max 5)
    trig_fall CH14: 0 transitions (max 5)
    >>> PASS: trig_fall CH14 clean: 0 transitions (max 5)
    trig_fall CH15: 0 transitions (max 5)
    >>> PASS: trig_fall CH15 clean: 0 transitions (max 5)
  saved C:\Users\Fraser\Documents\GitHub\OLS_Logic_Analyzer_Clean\host\app\..\..\hdl\hw_test\hw_results\test14b_trigger_edge_falling_debug_True.bin (1024 bytes) + .json
  
--- Abort capture test ---

============================================================
  Test 14c: Abort capture while running
============================================================
    >>> PASS: abort: capture idle after abort (status=0x13)
  saved C:\Users\Fraser\Documents\GitHub\OLS_Logic_Analyzer_Clean\host\app\..\..\hdl\hw_test\hw_results\test14c_abort_capture.bin (0 bytes) + .json
  
--- Pre-trigger / depth / stress tests ---

============================================================
  Test 26: Pre-trigger capture (Start_Offset path)
============================================================
  captured 4096 bytes, 2048 samples (pre_trigger=8)
    >>> PASS: pre-trigger capture near-full (2048/2048 samples)
  CH0 transitions: 408
    >>> PASS: signal present with pre-trigger enabled (408 transitions)
  saved C:\Users\Fraser\Documents\GitHub\OLS_Logic_Analyzer_Clean\host\app\..\..\hdl\hw_test\hw_results\test26_pre_trigger.bin (4096 bytes) + .json

============================================================
  Test 27: Full-depth SDRAM capture (Max_Samples boundary)
============================================================
    >>> PASS: full-depth capture completed
    >>> PASS: first block read (1024 bytes)
    >>> PASS: middle block read (1024 bytes)
    >>> PASS: last block at Max_Samples boundary (1024 bytes)
  activity: first block 11 byte-changes, last block 11
    >>> PASS: PWM activity in first block
    >>> PASS: PWM activity in last block (buffer filled to boundary)
  saved C:\Users\Fraser\Documents\GitHub\OLS_Logic_Analyzer_Clean\host\app\..\..\hdl\hw_test\hw_results\test27_full_depth.bin (2048 bytes) + .json

============================================================
  Test 28: Back-to-back captures without reset
============================================================
  capture #1: 2048 bytes, 1024 samples, CH0 102 trans
  capture #2: 2048 bytes, 1024 samples, CH0 102 trans
  capture #3: 2048 bytes, 1024 samples, CH0 102 trans
    >>> PASS: back-to-back returned 3 fresh captures without reset (3/3)
  
--- Schmitt trigger test ---

============================================================
  Test 14d: digital glitch filter (software hysteresis)
============================================================
    Schmitt OFF: CH0=204 trans | ON (thr=7): CH0=0 trans
    >>> FAIL: Schmitt ON still sees signal (0 trans)
    [INFO] Schmitt toggling: OFF=204, ON=0
  saved C:\Users\Fraser\Documents\GitHub\OLS_Logic_Analyzer_Clean\host\app\..\..\hdl\hw_test\hw_results\test14d_schmitt.bin (0 bytes) + .json
  
--- I2C generator output test ---

============================================================
  Test 14e: Generator output routing verify (CH1 with internal signal)
============================================================
    CH0(debug): 204 trans, CH1: 0 trans
    >>> PASS: Debug CH0 toggling: 204 trans
    >>> PASS: CH1 quiet (no gen): 0 trans
  saved C:\Users\Fraser\Documents\GitHub\OLS_Logic_Analyzer_Clean\host\app\..\..\hdl\hw_test\hw_results\test14e_i2c_gen.bin (2048 bytes) + .json
  
--- Protocol trigger test (debug OFF + ON) ---

  -- Protocol trigger [CH0 debug OFF] --

============================================================
  Test 14: Protocol trigger (UART byte match)
============================================================
  debug CH0 = False
  configuring frontend UART byte match trigger for 'H' (0x48) on CH3 at 115200 baud...
    >>> PASS: frontend trigger found the match byte
  trigger decode capture: 2042 bytes after trim, 1021 samples, CH3 34 transitions
    trig_decode CH1: 0 transitions (max 30)
    >>> PASS: trig_decode CH1 clean: 0 transitions (max 30)
    trig_decode CH2: 0 transitions (max 30)
    >>> PASS: trig_decode CH2 clean: 0 transitions (max 30)
    trig_decode CH4: 0 transitions (max 30)
    >>> PASS: trig_decode CH4 clean: 0 transitions (max 30)
    trig_decode CH5: 0 transitions (max 30)
    >>> PASS: trig_decode CH5 clean: 0 transitions (max 30)
    trig_decode CH6: 0 transitions (max 30)
    >>> PASS: trig_decode CH6 clean: 0 transitions (max 30)
    trig_decode CH7: 0 transitions (max 30)
    >>> PASS: trig_decode CH7 clean: 0 transitions (max 30)
    trig_decode CH8: 0 transitions (max 30)
    >>> PASS: trig_decode CH8 clean: 0 transitions (max 30)
    trig_decode CH9: 0 transitions (max 30)
    >>> PASS: trig_decode CH9 clean: 0 transitions (max 30)
    trig_decode CH10: 0 transitions (max 30)
    >>> PASS: trig_decode CH10 clean: 0 transitions (max 30)
    trig_decode CH11: 0 transitions (max 30)
    >>> PASS: trig_decode CH11 clean: 0 transitions (max 30)
    trig_decode CH12: 0 transitions (max 30)
    >>> PASS: trig_decode CH12 clean: 0 transitions (max 30)
    trig_decode CH13: 0 transitions (max 30)
    >>> PASS: trig_decode CH13 clean: 0 transitions (max 30)
    trig_decode CH14: 0 transitions (max 30)
    >>> PASS: trig_decode CH14 clean: 0 transitions (max 30)
    trig_decode CH15: 0 transitions (max 30)
    >>> PASS: trig_decode CH15 clean: 0 transitions (max 30)
    UART sampling margin: 17.36 samples/bit (min 8)
    UART decoded: 5 bytes
    decoded text: Hello
    >>> PASS: Frontend trigger recovered 'Hello' content (text='Hello', 17.36 samples/bit)
  saved C:\Users\Fraser\Documents\GitHub\OLS_Logic_Analyzer_Clean\host\app\..\..\hdl\hw_test\hw_results\test14_trigger_decode_debug_False.bin (2720 bytes) + .json

  -- Protocol trigger [CH0 debug ON] --

============================================================
  Test 14: Protocol trigger (UART byte match)
============================================================
  debug CH0 = True
  configuring frontend UART byte match trigger for 'H' (0x48) on CH3 at 115200 baud...
    >>> PASS: frontend trigger found the match byte
  trigger decode capture: 2042 bytes after trim, 1021 samples, CH3 34 transitions
    trig_decode CH1: 0 transitions (max 30)
    >>> PASS: trig_decode CH1 clean: 0 transitions (max 30)
    trig_decode CH2: 0 transitions (max 30)
    >>> PASS: trig_decode CH2 clean: 0 transitions (max 30)
    trig_decode CH4: 0 transitions (max 30)
    >>> PASS: trig_decode CH4 clean: 0 transitions (max 30)
    trig_decode CH5: 0 transitions (max 30)
    >>> PASS: trig_decode CH5 clean: 0 transitions (max 30)
    trig_decode CH6: 0 transitions (max 30)
    >>> PASS: trig_decode CH6 clean: 0 transitions (max 30)
    trig_decode CH7: 0 transitions (max 30)
    >>> PASS: trig_decode CH7 clean: 0 transitions (max 30)
    trig_decode CH8: 0 transitions (max 30)
    >>> PASS: trig_decode CH8 clean: 0 transitions (max 30)
    trig_decode CH9: 0 transitions (max 30)
    >>> PASS: trig_decode CH9 clean: 0 transitions (max 30)
    trig_decode CH10: 0 transitions (max 30)
    >>> PASS: trig_decode CH10 clean: 0 transitions (max 30)
    trig_decode CH11: 0 transitions (max 30)
    >>> PASS: trig_decode CH11 clean: 0 transitions (max 30)
    trig_decode CH12: 0 transitions (max 30)
    >>> PASS: trig_decode CH12 clean: 0 transitions (max 30)
    trig_decode CH13: 0 transitions (max 30)
    >>> PASS: trig_decode CH13 clean: 0 transitions (max 30)
    trig_decode CH14: 0 transitions (max 30)
    >>> PASS: trig_decode CH14 clean: 0 transitions (max 30)
    trig_decode CH15: 0 transitions (max 30)
    >>> PASS: trig_decode CH15 clean: 0 transitions (max 30)
    UART sampling margin: 17.36 samples/bit (min 8)
    UART decoded: 5 bytes
    decoded text: Hello
    >>> PASS: Frontend trigger recovered 'Hello' content (text='Hello', 17.36 samples/bit)
  saved C:\Users\Fraser\Documents\GitHub\OLS_Logic_Analyzer_Clean\host\app\..\..\hdl\hw_test\hw_results\test14_trigger_decode_debug_True.bin (2720 bytes) + .json
  
--- Crosstalk characterisation ---

============================================================
  Test 15b: Crosstalk characterisation — sweep baud per pin
============================================================
      Pair    Baud     tx  bleed     %
  ------------------------------------
    CH1->CH0   9600     4   414  10350%
    CH1->CH0  19200     4  4793  119825%
    CH1->CH0  38400     4  2599  64975%
    CH1->CH0  57600     4  1731  43275%
    CH1->CH0  115200     4   863  21575%
    CH2->CH1   9600     0     4  400%
    CH2->CH1  19200     0     4  400%
    CH2->CH1  38400     0     4  400%
    CH2->CH1  57600     0     4  400%
    CH2->CH1  115200     0     4  400%
    CH3->CH2   9600     0     0    0%
    CH3->CH2  19200     0     0    0%
    CH3->CH2  38400     0     0    0%
    CH3->CH2  57600     0     0    0%
    CH3->CH2  115200     0     0    0%
    CH4->CH3   9600     0     0    0%
    CH4->CH3  19200     0     0    0%
    CH4->CH3  38400     0     0    0%
    CH4->CH3  57600     0     0    0%
    CH4->CH3  115200     0     0    0%
    CH5->CH4   9600     0     0    0%
    CH5->CH4  19200     0     0    0%
    CH5->CH4  38400     0     0    0%
    CH5->CH4  57600     0     0    0%
    CH5->CH4  115200     0     0    0%
    CH6->CH5   9600     0     0    0%
    CH6->CH5  19200     0     0    0%
    CH6->CH5  38400     0     0    0%
    CH6->CH5  57600     0     0    0%
    CH6->CH5  115200     0     0    0%
    CH7->CH6   9600   386     0    0%
    CH7->CH6  19200  4468     0    0%
    CH7->CH6  38400  2421     0    0%
    CH7->CH6  57600  1615     0    0%
    CH7->CH6  115200   803     0    0%
    CH8->CH7   9600     2   414  20700%
    CH8->CH7  19200    10  4793  47930%
    CH8->CH7  38400    14  2599  18564%
    CH8->CH7  57600    12  1731  14425%
    CH8->CH7  115200    12   863  7191%
    CH9->CH8   9600     0     0    0%
    CH9->CH8  19200     0     0    0%
    CH9->CH8  38400     0     0    0%
    CH9->CH8  57600     0     0    0%
    CH9->CH8  115200     0     0    0%
    CH10->CH9   9600     0     0    0%
    CH10->CH9  19200     0     0    0%
    CH10->CH9  38400     0     0    0%
    CH10->CH9  57600     0     0    0%
    CH10->CH9  115200     0     0    0%
    CH11->CH10   9600     0     0    0%
    CH11->CH10  19200     0     0    0%
    CH11->CH10  38400     0     0    0%
    CH11->CH10  57600     0     0    0%
    CH11->CH10  115200     0     0    0%
    CH12->CH11   9600     0     0    0%
    CH12->CH11  19200     0     0    0%
    CH12->CH11  38400     0     0    0%
    CH12->CH11  57600     0     0    0%
    CH12->CH11  115200     0     0    0%
    CH13->CH12   9600     0     0    0%
    CH13->CH12  19200     0     0    0%
    CH13->CH12  38400     0     0    0%
    CH13->CH12  57600     0     0    0%
    CH13->CH12  115200     0     0    0%
    CH14->CH13   9600     0     0    0%
    CH14->CH13  19200     0     0    0%
    CH14->CH13  38400     0     0    0%
    CH14->CH13  57600     0     0    0%
    CH14->CH13  115200     0     0    0%
    CH15->CH14   9600     0     0    0%
    CH15->CH14  19200     0     0    0%
    CH15->CH14  38400     0     0    0%
    CH15->CH14  57600     0     0    0%
    CH15->CH14  115200     0     0    0%
  saved C:\Users\Fraser\Documents\GitHub\OLS_Logic_Analyzer_Clean\host\app\..\..\hdl\hw_test\hw_results\test15b_crosstalk_char.bin (0 bytes) + .json
  
--- Jumper-pair loopback (requires two pins wired together) ---

============================================================
  Test 30: Jumper-pair discovery + UART loopback
============================================================
  sweeping fast-direct + mapped MKR/PMOD pins for wired pair...
  reusing cached wired jumper pair: not found
    [INFO] no pair found � verify the jumper is seated and that the generator routes to these pins
    >>> PASS: jumper loopback skipped (no wired pair on this bench)
  saved C:\Users\Fraser\Documents\GitHub\OLS_Logic_Analyzer_Clean\host\app\..\..\hdl\hw_test\hw_results\test30_jumper_loopback.bin (0 bytes) + .json

============================================================
  Test 31: Generator matrix over jumper (type x rate x mode)
============================================================
  reusing cached wired jumper pair: not found
    [INFO] no wired pair found on this bench; skipping generator matrix
    >>> PASS: generator matrix skipped (no wired pair on this bench)
  saved C:\Users\Fraser\Documents\GitHub\OLS_Logic_Analyzer_Clean\host\app\..\..\hdl\hw_test\hw_results\test31_generator_matrix.bin (0 bytes) + .json

============================================================
  Test 32: Generator decodable in live (continuous) operation
============================================================
  reusing cached wired jumper pair: not found
    [INFO] no wired pair found on this bench; skipping live generator decode
    >>> PASS: live generator decode skipped (no wired pair on this bench)
  saved C:\Users\Fraser\Documents\GitHub\OLS_Logic_Analyzer_Clean\host\app\..\..\hdl\hw_test\hw_results\test32_live_generator.bin (0 bytes) + .json

============================================================
  Test 33: Repeating UART decodes in continuous SDRAM ring
============================================================
  reusing cached wired jumper pair: not found
    [INFO] no wired pair found on this bench; skipping ring repeat test
    >>> PASS: repeating ring skipped (no wired pair on this bench)
  saved C:\Users\Fraser\Documents\GitHub\OLS_Logic_Analyzer_Clean\host\app\..\..\hdl\hw_test\hw_results\test33_repeating_uart_ring.bin (0 bytes) + .json
  
--- Noise floor test (debug OFF + ON) ---

  -- Noise floor [CH0 debug OFF] --

============================================================
  Test 15: Noise floor (all channels clean)
============================================================
  debug CH0 = False
  capturing 1024 samples at 1 MHz with no generator, no trigger...
  captured 2048 bytes, 1024 samples
    CH0: 0 transitions
    CH1: 0 transitions
    CH2: 0 transitions
    CH3: 0 transitions
    CH4: 0 transitions
    CH5: 0 transitions
    CH6: 0 transitions
    CH7: 0 transitions
    CH8: 0 transitions
    CH9: 0 transitions
    CH10: 0 transitions
    CH11: 0 transitions
    CH12: 0 transitions
    CH13: 0 transitions
    CH14: 0 transitions
    CH15: 0 transitions
    >>> PASS: Noise floor debug OFF: all channels clean (0 total, max 80)
    noise CH1: 0 transitions (max 5)
    >>> PASS: noise CH1 clean: 0 transitions (max 5)
    noise CH2: 0 transitions (max 5)
    >>> PASS: noise CH2 clean: 0 transitions (max 5)
    noise CH3: 0 transitions (max 5)
    >>> PASS: noise CH3 clean: 0 transitions (max 5)
    noise CH4: 0 transitions (max 5)
    >>> PASS: noise CH4 clean: 0 transitions (max 5)
    noise CH5: 0 transitions (max 5)
    >>> PASS: noise CH5 clean: 0 transitions (max 5)
    noise CH6: 0 transitions (max 5)
    >>> PASS: noise CH6 clean: 0 transitions (max 5)
    noise CH7: 0 transitions (max 5)
    >>> PASS: noise CH7 clean: 0 transitions (max 5)
    noise CH8: 0 transitions (max 5)
    >>> PASS: noise CH8 clean: 0 transitions (max 5)
    noise CH9: 0 transitions (max 5)
    >>> PASS: noise CH9 clean: 0 transitions (max 5)
    noise CH10: 0 transitions (max 5)
    >>> PASS: noise CH10 clean: 0 transitions (max 5)
    noise CH11: 0 transitions (max 5)
    >>> PASS: noise CH11 clean: 0 transitions (max 5)
    noise CH12: 0 transitions (max 5)
    >>> PASS: noise CH12 clean: 0 transitions (max 5)
    noise CH13: 0 transitions (max 5)
    >>> PASS: noise CH13 clean: 0 transitions (max 5)
    noise CH14: 0 transitions (max 5)
    >>> PASS: noise CH14 clean: 0 transitions (max 5)
    noise CH15: 0 transitions (max 5)
    >>> PASS: noise CH15 clean: 0 transitions (max 5)
  saved C:\Users\Fraser\Documents\GitHub\OLS_Logic_Analyzer_Clean\host\app\..\..\hdl\hw_test\hw_results\test15_noise_floor_debug_False.bin (2048 bytes) + .json

  -- Noise floor [CH0 debug ON] --

============================================================
  Test 15: Noise floor (all channels clean)
============================================================
  debug CH0 = True
  capturing 1024 samples at 1 MHz with no generator, no trigger...
  captured 2048 bytes, 1024 samples
    CH0: 204 transitions
    CH1: 0 transitions
    CH2: 0 transitions
    CH3: 0 transitions
    CH4: 0 transitions
    CH5: 0 transitions
    CH6: 0 transitions
    CH7: 204 transitions
    CH8: 0 transitions
    CH9: 0 transitions
    CH10: 0 transitions
    CH11: 0 transitions
    CH12: 0 transitions
    CH13: 0 transitions
    CH14: 0 transitions
    CH15: 0 transitions
    >>> PASS: Noise floor debug ON: CH0 toggling (408 total)
    noise CH1: 0 transitions (max 5)
    >>> PASS: noise CH1 clean: 0 transitions (max 5)
    noise CH2: 0 transitions (max 5)
    >>> PASS: noise CH2 clean: 0 transitions (max 5)
    noise CH3: 0 transitions (max 5)
    >>> PASS: noise CH3 clean: 0 transitions (max 5)
    noise CH4: 0 transitions (max 5)
    >>> PASS: noise CH4 clean: 0 transitions (max 5)
    noise CH5: 0 transitions (max 5)
    >>> PASS: noise CH5 clean: 0 transitions (max 5)
    noise CH6: 0 transitions (max 5)
    >>> PASS: noise CH6 clean: 0 transitions (max 5)
    noise CH8: 0 transitions (max 5)
    >>> PASS: noise CH8 clean: 0 transitions (max 5)
    noise CH9: 0 transitions (max 5)
    >>> PASS: noise CH9 clean: 0 transitions (max 5)
    noise CH10: 0 transitions (max 5)
    >>> PASS: noise CH10 clean: 0 transitions (max 5)
    noise CH11: 0 transitions (max 5)
    >>> PASS: noise CH11 clean: 0 transitions (max 5)
    noise CH12: 0 transitions (max 5)
    >>> PASS: noise CH12 clean: 0 transitions (max 5)
    noise CH13: 0 transitions (max 5)
    >>> PASS: noise CH13 clean: 0 transitions (max 5)
    noise CH14: 0 transitions (max 5)
    >>> PASS: noise CH14 clean: 0 transitions (max 5)
    noise CH15: 0 transitions (max 5)
    >>> PASS: noise CH15 clean: 0 transitions (max 5)
  saved C:\Users\Fraser\Documents\GitHub\OLS_Logic_Analyzer_Clean\host\app\..\..\hdl\hw_test\hw_results\test15_noise_floor_debug_True.bin (2048 bytes) + .json
  
--- Long stress test (debug OFF + ON, ~120s total) ---

  -- Long stress [CH0 debug OFF] --

============================================================
  Test 16: Long-duration stress (60 sec, rolling)
============================================================
  debug CH0 = False
  running rolling capture for 60 seconds at 1 MHz, 100 ms buffer...
